// Jest Snapshot v1, https://goo.gl/fbAQLP

exports[`Footer renders correctly 1`] = `
<div>
  <h3>
    
     
    Tracking for Illness
  </h3>
  <form
    className="day"
    onSubmit={[Function]}
  >
    <div
      className="form-div"
    >
      <div
        className="date-temp"
      >
        <div
          className="date-div"
        >
          <label
            htmlFor="date"
          >
            Date:
            <input
              defaultValue="2020-06-01"
              id="date"
              name="date"
              onChange={[Function]}
              type="date"
            />
          </label>
        </div>
        <div
          className="temp-div"
        >
          <label
            htmlFor="temp"
          >
            Temperature:
            <input
              defaultValue={0}
              id="temp"
              name="temp"
              onChange={[Function]}
              type="number"
            />
          </label>
          <span>
            °C
          </span>
        </div>
      </div>
      <div
        className="mood-div"
      >
        <span>
          Mood: 
        </span>
        <input
          checked={true}
          id="option1"
          name="mood"
          onChange={[Function]}
          type="radio"
          value="🙂"
        />
        <span
          aria-label="happy"
          role="img"
        >
          🙂
        </span>
        <input
          checked={false}
          id="option2"
          name="mood"
          onChange={[Function]}
          type="radio"
          value="😐"
        />
        <span
          aria-label="neutral"
          role="img"
        >
          😐
        </span>
        <input
          checked={false}
          id="option3"
          name="mood"
          onChange={[Function]}
          type="radio"
          value="🙁"
        />
        <span
          aria-label="sad"
          role="img"
        >
          🙁
        </span>
        <input
          checked={false}
          id="option4"
          name="mood"
          onChange={[Function]}
          type="radio"
          value="😩"
        />
        <span
          aria-label="sad2"
          role="img"
        >
          😩
        </span>
      </div>
      <div
        className="medicines2"
      >
        <p>
          Medicines:
        </p>
        <div
          className="med-div"
        >
          <input
            defaultValue=""
            id="med1"
            name="med1"
            onChange={[Function]}
            placeholder="Add medicine"
            type="text"
          />
          <input
            defaultValue=""
            id="med2"
            name="med2"
            onChange={[Function]}
            type="text"
          />
          <input
            defaultValue=""
            id="med3"
            name="med3"
            onChange={[Function]}
            type="text"
          />
        </div>
      </div>
      <div
        className="symptons2"
      >
        <p>
          Symptons:
        </p>
        <div
          className="med-div"
        >
          <input
            defaultValue=""
            id="symp1"
            name="symp1"
            onChange={[Function]}
            placeholder="Add sympton"
            type="text"
          />
          <input
            defaultValue=""
            id="symp2"
            name="symp2"
            onChange={[Function]}
            type="text"
          />
          <input
            defaultValue=""
            id="symp3"
            name="symp3"
            onChange={[Function]}
            type="text"
          />
        </div>
      </div>
      <div
        className="buttons-form day-buttons"
      />
    </div>
  </form>
</div>
`;

exports[`FormDay renders correctly 1`] = `
<div>
  <h3>
    
     
    Tracking for Illness
  </h3>
  <form
    className="day"
    onSubmit={[Function]}
  >
    <div
      className="form-div"
    >
      <div
        className="date-temp"
      >
        <div
          className="date-div"
        >
          <label
            htmlFor="date"
          >
            Date:
            <input
              defaultValue="2020-06-01"
              id="date"
              name="date"
              onChange={[Function]}
              type="date"
            />
          </label>
        </div>
        <div
          className="temp-div"
        >
          <label
            htmlFor="temp"
          >
            Temperature:
            <input
              defaultValue={0}
              id="temp"
              name="temp"
              onChange={[Function]}
              type="number"
            />
          </label>
          <span>
            °C
          </span>
        </div>
      </div>
      <div
        className="mood-div"
      >
        <span>
          Mood: 
        </span>
        <input
          checked={true}
          id="option1"
          name="mood"
          onChange={[Function]}
          type="radio"
          value="🙂"
        />
        <span
          aria-label="happy"
          role="img"
        >
          🙂
        </span>
        <input
          checked={false}
          id="option2"
          name="mood"
          onChange={[Function]}
          type="radio"
          value="😐"
        />
        <span
          aria-label="neutral"
          role="img"
        >
          😐
        </span>
        <input
          checked={false}
          id="option3"
          name="mood"
          onChange={[Function]}
          type="radio"
          value="🙁"
        />
        <span
          aria-label="sad"
          role="img"
        >
          🙁
        </span>
        <input
          checked={false}
          id="option4"
          name="mood"
          onChange={[Function]}
          type="radio"
          value="😩"
        />
        <span
          aria-label="sad2"
          role="img"
        >
          😩
        </span>
      </div>
      <div
        className="medicines2"
      >
        <p>
          Medicines:
        </p>
        <div
          className="med-div"
        >
          <input
            defaultValue=""
            id="med1"
            name="med1"
            onChange={[Function]}
            placeholder="Add medicine"
            type="text"
          />
          <input
            defaultValue=""
            id="med2"
            name="med2"
            onChange={[Function]}
            type="text"
          />
          <input
            defaultValue=""
            id="med3"
            name="med3"
            onChange={[Function]}
            type="text"
          />
        </div>
      </div>
      <div
        className="symptons2"
      >
        <p>
          Symptons:
        </p>
        <div
          className="med-div"
        >
          <input
            defaultValue=""
            id="symp1"
            name="symp1"
            onChange={[Function]}
            placeholder="Add sympton"
            type="text"
          />
          <input
            defaultValue=""
            id="symp2"
            name="symp2"
            onChange={[Function]}
            type="text"
          />
          <input
            defaultValue=""
            id="symp3"
            name="symp3"
            onChange={[Function]}
            type="text"
          />
        </div>
      </div>
      <div
        className="buttons-form day-buttons"
      />
    </div>
  </form>
</div>
`;
